// Jest Snapshot v1, https://goo.gl/fbAQLP

exports[`Calendar Merging API Merge calendar with override 1`] = `
{
  "url": "http://127.0.0.1:53391/calendar/Override_Calendar",
}
`;

exports[`Calendar Merging API Merge calendar without prefix 1`] = `
{
  "url": "http://127.0.0.1:53381/calendar/No_Prefix_Calendar",
}
`;

exports[`Calendar Merging API Merge date-based calendar 1`] = `
{
  "url": "http://127.0.0.1:53347/calendar/Date_Based_Calendar",
}
`;

exports[`Calendar Merging API Merge time-based calendar 1`] = `
{
  "url": "http://127.0.0.1:53381/calendar/Time_Based_Calendar",
}
`;
